Archive member included to satisfy reference by file (symbol)

e:/arm course/imt_sdk_win_64/winarm/armgcc/bin/../lib/gcc/arm-none-eabi/7.2.1/thumb/v7-m\libgcc.a(_arm_addsubdf3.o)
                              ./src/ADC_prog.o (__aeabi_ui2d)
e:/arm course/imt_sdk_win_64/winarm/armgcc/bin/../lib/gcc/arm-none-eabi/7.2.1/thumb/v7-m\libgcc.a(_arm_muldivdf3.o)
                              ./src/ADC_prog.o (__aeabi_dmul)
e:/arm course/imt_sdk_win_64/winarm/armgcc/bin/../lib/gcc/arm-none-eabi/7.2.1/thumb/v7-m\libgcc.a(_arm_truncdfsf2.o)
                              ./src/ADC_prog.o (__aeabi_d2f)
e:/arm course/imt_sdk_win_64/winarm/armgcc/bin/../lib/gcc/arm-none-eabi/7.2.1/thumb/v7-m\libgcc.a(_arm_cmpsf2.o)
                              ./src/main.o (__aeabi_fcmplt)
e:/arm course/imt_sdk_win_64/winarm/armgcc/bin/../lib/gcc/arm-none-eabi/7.2.1/../../../../arm-none-eabi/lib/thumb/v7-m\libg_nano.a(lib_a-errno.o)
                              ./system/src/newlib/_sbrk.o (__errno)
e:/arm course/imt_sdk_win_64/winarm/armgcc/bin/../lib/gcc/arm-none-eabi/7.2.1/../../../../arm-none-eabi/lib/thumb/v7-m\libg_nano.a(lib_a-impure.o)
                              e:/arm course/imt_sdk_win_64/winarm/armgcc/bin/../lib/gcc/arm-none-eabi/7.2.1/../../../../arm-none-eabi/lib/thumb/v7-m\libg_nano.a(lib_a-errno.o) (_impure_ptr)
e:/arm course/imt_sdk_win_64/winarm/armgcc/bin/../lib/gcc/arm-none-eabi/7.2.1/../../../../arm-none-eabi/lib/thumb/v7-m\libg_nano.a(lib_a-memset.o)
                              ./src/main.o (memset)
e:/arm course/imt_sdk_win_64/winarm/armgcc/bin/../lib/gcc/arm-none-eabi/7.2.1/../../../../arm-none-eabi/lib/thumb/v7-m\libg_nano.a(lib_a-strlen.o)
                              ./system/src/diag/Trace.o (strlen)
e:/arm course/imt_sdk_win_64/winarm/armgcc/bin/../lib/gcc/arm-none-eabi/7.2.1/../../../../arm-none-eabi/lib/thumb/v7-m\libg_nano.a(lib_a-vsnprintf.o)
                              ./system/src/diag/Trace.o (vsnprintf)
e:/arm course/imt_sdk_win_64/winarm/armgcc/bin/../lib/gcc/arm-none-eabi/7.2.1/../../../../arm-none-eabi/lib/thumb/v7-m\libg_nano.a(lib_a-nano-svfprintf.o)
                              e:/arm course/imt_sdk_win_64/winarm/armgcc/bin/../lib/gcc/arm-none-eabi/7.2.1/../../../../arm-none-eabi/lib/thumb/v7-m\libg_nano.a(lib_a-vsnprintf.o) (_svfprintf_r)
e:/arm course/imt_sdk_win_64/winarm/armgcc/bin/../lib/gcc/arm-none-eabi/7.2.1/../../../../arm-none-eabi/lib/thumb/v7-m\libg_nano.a(lib_a-nano-vfprintf_i.o)
                              e:/arm course/imt_sdk_win_64/winarm/armgcc/bin/../lib/gcc/arm-none-eabi/7.2.1/../../../../arm-none-eabi/lib/thumb/v7-m\libg_nano.a(lib_a-nano-svfprintf.o) (_printf_i)
e:/arm course/imt_sdk_win_64/winarm/armgcc/bin/../lib/gcc/arm-none-eabi/7.2.1/../../../../arm-none-eabi/lib/thumb/v7-m\libg_nano.a(lib_a-memchr-stub.o)
                              e:/arm course/imt_sdk_win_64/winarm/armgcc/bin/../lib/gcc/arm-none-eabi/7.2.1/../../../../arm-none-eabi/lib/thumb/v7-m\libg_nano.a(lib_a-nano-svfprintf.o) (memchr)
e:/arm course/imt_sdk_win_64/winarm/armgcc/bin/../lib/gcc/arm-none-eabi/7.2.1/../../../../arm-none-eabi/lib/thumb/v7-m\libg_nano.a(lib_a-memcpy-stub.o)
                              e:/arm course/imt_sdk_win_64/winarm/armgcc/bin/../lib/gcc/arm-none-eabi/7.2.1/../../../../arm-none-eabi/lib/thumb/v7-m\libg_nano.a(lib_a-nano-svfprintf.o) (memcpy)
e:/arm course/imt_sdk_win_64/winarm/armgcc/bin/../lib/gcc/arm-none-eabi/7.2.1/../../../../arm-none-eabi/lib/thumb/v7-m\libg_nano.a(lib_a-memmove.o)
                              e:/arm course/imt_sdk_win_64/winarm/armgcc/bin/../lib/gcc/arm-none-eabi/7.2.1/../../../../arm-none-eabi/lib/thumb/v7-m\libg_nano.a(lib_a-nano-svfprintf.o) (memmove)
e:/arm course/imt_sdk_win_64/winarm/armgcc/bin/../lib/gcc/arm-none-eabi/7.2.1/../../../../arm-none-eabi/lib/thumb/v7-m\libg_nano.a(lib_a-nano-freer.o)
                              e:/arm course/imt_sdk_win_64/winarm/armgcc/bin/../lib/gcc/arm-none-eabi/7.2.1/../../../../arm-none-eabi/lib/thumb/v7-m\libg_nano.a(lib_a-nano-svfprintf.o) (_free_r)
e:/arm course/imt_sdk_win_64/winarm/armgcc/bin/../lib/gcc/arm-none-eabi/7.2.1/../../../../arm-none-eabi/lib/thumb/v7-m\libg_nano.a(lib_a-nano-mallocr.o)
                              e:/arm course/imt_sdk_win_64/winarm/armgcc/bin/../lib/gcc/arm-none-eabi/7.2.1/../../../../arm-none-eabi/lib/thumb/v7-m\libg_nano.a(lib_a-nano-svfprintf.o) (_malloc_r)
e:/arm course/imt_sdk_win_64/winarm/armgcc/bin/../lib/gcc/arm-none-eabi/7.2.1/../../../../arm-none-eabi/lib/thumb/v7-m\libg_nano.a(lib_a-nano-reallocr.o)
                              e:/arm course/imt_sdk_win_64/winarm/armgcc/bin/../lib/gcc/arm-none-eabi/7.2.1/../../../../arm-none-eabi/lib/thumb/v7-m\libg_nano.a(lib_a-nano-svfprintf.o) (_realloc_r)
e:/arm course/imt_sdk_win_64/winarm/armgcc/bin/../lib/gcc/arm-none-eabi/7.2.1/../../../../arm-none-eabi/lib/thumb/v7-m\libg_nano.a(lib_a-sbrkr.o)
[...]
Memory Configuration

Name             Origin             Length             Attributes
RAM              0x20000000         0x00005000         xrw
CCMRAM           0x00000000         0x00000000         xrw
FLASH            0x08014000         0x0000ec00         xr
FLASHB1          0x00000000         0x00000000         xr
EXTMEMB0         0x00000000         0x00000000         xr
EXTMEMB1         0x00000000         0x00000000         xr
EXTMEMB2         0x00000000         0x00000000         xr
EXTMEMB3         0x00000000         0x00000000         xr
MEMORY_ARRAY     0x00000000         0x00000000         xrw
*default*        0x00000000         0xffffffff

Linker script and memory map

LOAD ./system/src/stm32f1-stdperiph/misc.o
LOAD ./system/src/stm32f1-stdperiph/stm32f10x_gpio.o
LOAD ./system/src/stm32f1-stdperiph/stm32f10x_rcc.o
LOAD ./system/src/newlib/_cxx.o
LOAD ./system/src/newlib/_exit.o
LOAD ./system/src/newlib/_sbrk.o
LOAD ./system/src/newlib/_startup.o
LOAD ./system/src/newlib/_syscalls.o
LOAD ./system/src/newlib/assert.o
LOAD ./system/src/diag/Trace.o
LOAD ./system/src/diag/trace_impl.o
LOAD ./system/src/cortexm/_initialize_hardware.o
LOAD ./system/src/cortexm/_reset_hardware.o
LOAD ./system/src/cortexm/exception_handlers.o
LOAD ./system/src/cmsis/system_stm32f10x.o
LOAD ./system/src/cmsis/vectors_stm32f10x.o
LOAD ./src/ADC_prog.o
LOAD ./src/AFIO_program.o
LOAD ./src/CAN.o
LOAD ./src/CANHANDLER_prog.o
LOAD ./src/DIO_prog.o
LOAD ./src/DMA_program.o
LOAD ./src/FLASH_prog.o
LOAD ./src/HexDataProcessor_prog.o
LOAD ./src/NVIC_prog.o
LOAD ./src/RCC_prog.o
LOAD ./src/SCB_prog.o
LOAD ./src/Timer_prog.o
LOAD ./src/_write.o
LOAD ./src/main.o
LOAD e:/arm course/imt_sdk_win_64/winarm/armgcc/bin/../lib/gcc/arm-none-eabi/7.2.1/../../../../arm-none-eabi/lib/thumb/v7-m\libstdc++_nano.a
LOAD e:/arm course/imt_sdk_win_64/winarm/armgcc/bin/../lib/gcc/arm-none-eabi/7.2.1/../../../../arm-none-eabi/lib/thumb/v7-m\libm.a
START GROUP
LOAD e:/arm course/imt_sdk_win_64/winarm/armgcc/bin/../lib/gcc/arm-none-eabi/7.2.1/thumb/v7-m\libgcc.a
LOAD e:/arm course/imt_sdk_win_64/winarm/armgcc/bin/../lib/gcc/arm-none-eabi/7.2.1/../../../../arm-none-eabi/lib/thumb/v7-m\libg_nano.a
LOAD e:/arm course/imt_sdk_win_64/winarm/armgcc/bin/../lib/gcc/arm-none-eabi/7.2.1/../../../../arm-none-eabi/lib/thumb/v7-m\libc_nano.a
END GROUP
START GROUP
LOAD e:/arm course/imt_sdk_win_64/winarm/armgcc/bin/../lib/gcc/arm-none-eabi/7.2.1/thumb/v7-m\libgcc.a
LOAD e:/arm course/imt_sdk_win_64/winarm/armgcc/bin/../lib/gcc/arm-none-eabi/7.2.1/../../../../arm-none-eabi/lib/thumb/v7-m\libc_nano.a
END GROUP
                0x20005000                __stack = (ORIGIN (RAM) + LENGTH (RAM))
                0x20005000                _estack = __stack
                0x00000400                __Main_Stack_Size = 0x400
                [!provide]                PROVIDE (_Main_Stack_Size, __Main_Stack_Size)
                0x20004c00                __Main_Stack_Limit = (__stack - __Main_Stack_Size)
                [!provide]                PROVIDE (_Main_Stack_Limit, __Main_Stack_Limit)
                0x00000100                _Minimum_Stack_Size = 0x100
                0x200001e8                PROVIDE (_Heap_Begin, _end_noinit)
                0x20004c00                PROVIDE (_Heap_Limit, (__stack - __Main_Stack_Size))

.isr_vector     0x08014000      0x350
 FILL mask 0xff
                0x08014000                __vectors_start = ABSOLUTE (.)
                0x08014000                __vectors_start__ = ABSOLUTE (.)
 *(.isr_vector)
 .isr_vector    0x08014000      0x10c ./system/src/cmsis/vectors_stm32f10x.o
                0x08014000                __isr_vectors
 *(.cfmconfig)
 *(.after_vectors .after_vectors.*)
 .after_vectors
                0x0801410c      0x114 ./system/src/newlib/_startup.o
                0x0801410c                _start
 .after_vectors
                0x08014220      0x12c ./system/src/cortexm/exception_handlers.o
                0x08014220                Reset_Handler
                0x08014226                NMI_Handler
                0x0801422a                HardFault_Handler
                0x0801423e                HardFault_Handler_C
                0x0801429c                MemManage_Handler
                0x080142a0                BusFault_Handler
                0x080142b4                BusFault_Handler_C
                0x080142e8                UsageFault_Handler
                0x080142fc                UsageFault_Handler_C
                0x08014330                SVC_Handler
                0x08014334                DebugMon_Handler
                0x08014338                PendSV_Handler
                0x0801433c                SysTick_Handler
 .after_vectors
                0x0801434c        0x4 ./system/src/cmsis/vectors_stm32f10x.o
                0x0801434c                EXTI2_IRQHandler
                0x0801434c                TIM8_TRG_COM_IRQHandler
                0x0801434c                TIM8_CC_IRQHandler
                0x0801434c                TIM1_CC_IRQHandler
                0x0801434c                TIM6_IRQHandler
                0x0801434c                PVD_IRQHandler
                0x0801434c                SDIO_IRQHandler
                0x0801434c                CAN2_RX1_IRQHandler
                0x0801434c                EXTI3_IRQHandler
                0x0801434c                TIM8_TRG_COM_TIM14_IRQHandler
                0x0801434c                TIM1_UP_TIM10_IRQHandler
                0x0801434c                TIM8_UP_TIM13_IRQHandler
                0x0801434c                EXTI0_IRQHandler
                0x0801434c                I2C2_EV_IRQHandler
                0x0801434c                CAN1_RX0_IRQHandler
                0x0801434c                TIM1_UP_TIM16_IRQHandler
                0x0801434c                CAN2_SCE_IRQHandler
                0x0801434c                ADC1_2_IRQHandler
                0x0801434c                SPI1_IRQHandler
                0x0801434c                TAMPER_IRQHandler
                0x0801434c                TIM6_DAC_IRQHandler
                0x0801434c                TIM1_BRK_TIM9_IRQHandler
                0x0801434c                CAN2_RX0_IRQHandler
                0x0801434c                TIM8_UP_IRQHandler
                0x0801434c                DMA2_Channel2_IRQHandler
                0x0801434c                DMA1_Channel4_IRQHandler
                0x0801434c                USART3_IRQHandler
                0x0801434c                RTC_IRQHandler
                0x0801434c                DMA1_Channel7_IRQHandler
                0x0801434c                CAN1_RX1_IRQHandler
                0x0801434c                UART5_IRQHandler
                0x0801434c                ADC3_IRQHandler
                0x0801434c                TIM4_IRQHandler
                0x0801434c                DMA2_Channel1_IRQHandler
                0x0801434c                I2C1_EV_IRQHandler
                0x0801434c                DMA1_Channel6_IRQHandler
                0x0801434c                UART4_IRQHandler
                0x0801434c                DMA2_Channel4_IRQHandler
                0x0801434c                TIM3_IRQHandler
                0x0801434c                RCC_IRQHandler
                0x0801434c                TIM8_BRK_TIM12_IRQHandler
                0x0801434c                TIM1_TRG_COM_IRQHandler
                0x0801434c                Default_Handler
                0x0801434c                CEC_IRQHandler
                0x0801434c                EXTI15_10_IRQHandler
                0x0801434c                TIM14_IRQHandler
                0x0801434c                TIM13_IRQHandler
                0x0801434c                TIM12_IRQHandler
                0x0801434c                TIM7_IRQHandler
                0x0801434c                CAN2_TX_IRQHandler
                0x0801434c                TIM5_IRQHandler
                0x0801434c                EXTI9_5_IRQHandler
                0x0801434c                ETH_WKUP_IRQHandler
                0x0801434c                SPI2_IRQHandler
                0x0801434c                CAN1_TX_IRQHandler
                0x0801434c                DMA2_Channel5_IRQHandler
                0x0801434c                EXTI4_IRQHandler
                0x0801434c                TIM1_TRG_COM_TIM17_IRQHandler
                0x0801434c                DMA1_Channel3_IRQHandler
                0x0801434c                FSMC_IRQHandler
                0x0801434c                ETH_IRQHandler
                0x0801434c                TIM1_UP_IRQHandler
                0x0801434c                WWDG_IRQHandler
                0x0801434c                TIM2_IRQHandler
                0x0801434c                OTG_FS_WKUP_IRQHandler
                0x0801434c                TIM1_TRG_COM_TIM11_IRQHandler
                0x0801434c                TIM1_BRK_IRQHandler
                0x0801434c                EXTI1_IRQHandler
                0x0801434c                RTCAlarm_IRQHandler
                0x0801434c                DMA2_Channel4_5_IRQHandler
                0x0801434c                USART2_IRQHandler
                0x0801434c                I2C2_ER_IRQHandler
                0x0801434c                DMA1_Channel2_IRQHandler
                0x0801434c                TIM8_BRK_IRQHandler
                0x0801434c                CAN1_SCE_IRQHandler
                0x0801434c                FLASH_IRQHandler
                0x0801434c                USART1_IRQHandler
                0x0801434c                OTG_FS_IRQHandler
                0x0801434c                SPI3_IRQHandler
                0x0801434c                I2C1_ER_IRQHandler
                0x0801434c                USBWakeUp_IRQHandler
                0x0801434c                DMA2_Channel3_IRQHandler
                0x0801434c                TIM1_BRK_TIM15_IRQHandler

.inits          0x08014350       0x28
                0x08014350                __data_regions_array_start = .
                0x08014350        0x4 LONG 0x80165a4 LOADADDR (.data)
                0x08014354        0x4 LONG 0x20000000 ADDR (.data)
                0x08014358        0x4 LONG 0x200000a0 (ADDR (.data) + SIZEOF (.data))
                0x0801435c        0x4 LONG 0x80165a4 LOADADDR (.data_CCMRAM)
                0x08014360        0x4 LONG 0x0 ADDR (.data_CCMRAM)
                0x08014364        0x4 LONG 0x0 (ADDR (.data_CCMRAM) + SIZEOF (.data_CCMRAM))
                0x08014368                __data_regions_array_end = .
                0x08014368                __bss_regions_array_start = .
                0x08014368        0x4 LONG 0x200000a0 ADDR (.bss)
                0x0801436c        0x4 LONG 0x200001e8 (ADDR (.bss) + SIZEOF (.bss))
                0x08014370        0x4 LONG 0x0 ADDR (.bss_CCMRAM)
                0x08014374        0x4 LONG 0x0 (ADDR (.bss_CCMRAM) + SIZEOF (.bss_CCMRAM))
                0x08014378                __bss_regions_array_end = .
 *(.init)
 *(.fini)
                0x08014378                . = ALIGN (0x4)
                0x08014378                PROVIDE (__preinit_array_start, .)
 *(.preinit_array_sysinit .preinit_array_sysinit.*)
 *(.preinit_array_platform .preinit_array_platform.*)
 *(.preinit_array .preinit_array.*)
                0x08014378                PROVIDE (__preinit_array_end, .)
                0x08014378                . = ALIGN (0x4)
                0x08014378                PROVIDE (__init_array_start, .)
 *(SORT_BY_NAME(.init_array.*))
 *(.init_array)
                0x08014378                PROVIDE (__init_array_end, .)
                0x08014378                . = ALIGN (0x4)
                0x08014378                PROVIDE (__fini_array_start, .)
 *(SORT_BY_NAME(.fini_array.*))
 *(.fini_array)
                0x08014378                PROVIDE (__fini_array_end, .)

.flashtext
 *(.flashtext .flashtext.*)

.text           0x08014378     0x222b
 *(.text .text.*)
 .text._exit    0x08014378        0x2 ./system/src/newlib/_exit.o
                0x08014378                _exit
 *fill*         0x0801437a        0x2 
 .text._sbrk    0x0801437c       0x44 ./system/src/newlib/_sbrk.o
                0x0801437c                _sbrk
 .text.__initialize_args
                0x080143c0       0x10 ./system/src/newlib/_syscalls.o
                0x080143c0                __initialize_args
 .text.trace_printf
                0x080143d0       0x30 ./system/src/diag/Trace.o
                0x080143d0                trace_printf
 .text._trace_write_semihosting_debug
                0x08014400       0x60 ./system/src/diag/trace_impl.o
 .text.trace_write
                0x08014460        0x8 ./system/src/diag/trace_impl.o
                0x08014460                trace_write
 .text.__initialize_hardware_early
                0x08014468       0x18 ./system/src/cortexm/_initialize_hardware.o
                0x08014468                __initialize_hardware_early
 .text.__initialize_hardware
                0x08014480        0x8 ./system/src/cortexm/_initialize_hardware.o
                0x08014480                __initialize_hardware
 .text.dumpExceptionStack
                0x08014488       0xf4 ./system/src/cortexm/exception_handlers.o
                0x08014488                dumpExceptionStack
 .text.isSemihosting
                0x0801457c       0x20 ./system/src/cortexm/exception_handlers.o
                0x0801457c                isSemihosting
 .text.SetSysClockTo72
                0x0801459c       0xc4 ./system/src/cmsis/system_stm32f10x.o
 .text.SetSysClock
                0x08014660        0x8 ./system/src/cmsis/system_stm32f10x.o
 .text.SystemInit
                0x08014668       0x50 ./system/src/cmsis/system_stm32f10x.o
                0x08014668                SystemInit
 .text.SystemCoreClockUpdate
                0x080146b8       0x94 ./system/src/cmsis/system_stm32f10x.o
                0x080146b8                SystemCoreClockUpdate
 .text.ADC_Enable
                0x0801474c       0x28 ./src/ADC_prog.o
                0x0801474c                ADC_Enable
 .text.WaitingStartConversion
                0x08014774       0x10 ./src/ADC_prog.o
                0x08014774                WaitingStartConversion
 .text.WaitingEndofConversion
                0x08014784       0x10 ./src/ADC_prog.o
                0x08014784                WaitingEndofConversion
 .text.EndofConversionReset
                0x08014794       0x1c ./src/ADC_prog.o
                0x08014794                EndofConversionReset
 .text.SequenceRegistersInit
                0x080147b0       0x2c ./src/ADC_prog.o
                0x080147b0                SequenceRegistersInit
 .text.ADC_Init
                0x080147dc       0x30 ./src/ADC_prog.o
                0x080147dc                ADC_Init
 *fill*         0x0801480c        0x4 
 .text.Reading_Channels
                0x08014810       0x58 ./src/ADC_prog.o
                0x08014810                Reading_Channels
 .text.AFIO_voidinit
                0x08014868       0x20 ./src/AFIO_program.o
                0x08014868                AFIO_voidinit
 .text.CAN_setup
                0x08014888       0x5c ./src/CAN.o
                0x08014888                CAN_setup
 .text.CAN_start
                0x080148e4       0x1c ./src/CAN.o
                0x080148e4                CAN_start
 .text.CAN_testmode
                0x08014900       0x18 ./src/CAN.o
                0x08014900                CAN_testmode
 .text.CAN_waitReady
                0x08014918       0x2c ./src/CAN.o
                0x08014918                CAN_waitReady
 .text.CAN_wrMsg
                0x08014944       0xb8 ./src/CAN.o
                0x08014944                CAN_wrMsg
 .text.CAN_wrFilter
                0x080149fc       0x80 ./src/CAN.o
                0x080149fc                CAN_wrFilter
 .text.CAN_vidReleaseMessage
                0x08014a7c       0x10 ./src/CAN.o
                0x08014a7c                CAN_vidReleaseMessage
 .text.CAN_rdMsg_0
                0x08014a8c       0x90 ./src/CAN.o
                0x08014a8c                CAN_rdMsg_0
 .text.CAN_vid_filter_list
                0x08014b1c       0x50 ./src/CAN.o
                0x08014b1c                CAN_vid_filter_list
 .text.USB_HP_CAN1_TX_IRQHandler
                0x08014b6c       0x6c ./src/CAN.o
                0x08014b6c                USB_HP_CAN1_TX_IRQHandler
 .text.USB_LP_CAN1_RX0_IRQHandler
                0x08014bd8       0x5c ./src/CAN.o
                0x08014bd8                USB_LP_CAN1_RX0_IRQHandler
 .text.CANHANDLER_vidSend
                0x08014c34       0x8c ./src/CANHANDLER_prog.o
                0x08014c34                CANHANDLER_vidSend
 .text.DIO_vidInit
                0x08014cc0      0x13c ./src/DIO_prog.o
                0x08014cc0                DIO_vidInit
 .text.DIO_vidSetPinValue
                0x08014dfc       0x3c ./src/DIO_prog.o
                0x08014dfc                DIO_vidSetPinValue
 .text.DIO_u8GetPinValue
                0x08014e38       0x28 ./src/DIO_prog.o
                0x08014e38                DIO_u8GetPinValue
 .text.DMA1_Channel1_IRQHandler
                0x08014e60       0x4c ./src/DMA_program.o
                0x08014e60                DMA1_Channel1_IRQHandler
 .text.DMA1_Channel5_IRQHandler
                0x08014eac       0x60 ./src/DMA_program.o
                0x08014eac                DMA1_Channel5_IRQHandler
 .text.FLASH_u8GetOptionByteData
                0x08014f0c       0x24 ./src/FLASH_prog.o
                0x08014f0c                FLASH_u8GetOptionByteData
 .text.NVIC_vidInit
                0x08014f30       0x10 ./src/NVIC_prog.o
                0x08014f30                NVIC_vidInit
 .text.NVIC_vidEnableInterrupt
                0x08014f40       0x28 ./src/NVIC_prog.o
                0x08014f40                NVIC_vidEnableInterrupt
 .text.RCC_vidInit
                0x08014f68       0xc4 ./src/RCC_prog.o
                0x08014f68                RCC_vidInit
 .text.RCC_vidEnablePeripheral
                0x0801502c       0x54 ./src/RCC_prog.o
                0x0801502c                RCC_vidEnablePeripheral
 .text.RCC_vidResetResetFlags
                0x08015080       0x10 ./src/RCC_prog.o
                0x08015080                RCC_vidResetResetFlags
 .text.SCB_vidPerformSoftReset
                0x08015090       0x14 ./src/SCB_prog.o
                0x08015090                SCB_vidPerformSoftReset
 .text.main     0x080150a4      0x1bc ./src/main.o
                0x080150a4                main
 .text          0x08015260      0x378 e:/arm course/imt_sdk_win_64/winarm/armgcc/bin/../lib/gcc/arm-none-eabi/7.2.1/thumb/v7-m\libgcc.a(_arm_addsubdf3.o)
                0x08015260                __aeabi_drsub
                0x08015268                __aeabi_dsub
                0x08015268                __subdf3
                0x0801526c                __aeabi_dadd
                0x0801526c                __adddf3
                0x080154e4                __floatunsidf
                0x080154e4                __aeabi_ui2d
                0x08015504                __floatsidf
                0x08015504                __aeabi_i2d
                0x08015528                __aeabi_f2d
                0x08015528                __extendsfdf2
                0x0801556c                __floatundidf
                0x0801556c                __aeabi_ul2d
                0x0801557c                __floatdidf
                0x0801557c                __aeabi_l2d
 .text          0x080155d8      0x424 e:/arm course/imt_sdk_win_64/winarm/armgcc/bin/../lib/gcc/arm-none-eabi/7.2.1/thumb/v7-m\libgcc.a(_arm_muldivdf3.o)
                0x080155d8                __aeabi_dmul
                0x080155d8                __muldf3
                0x0801582c                __divdf3
                0x0801582c                __aeabi_ddiv
 .text          0x080159fc       0xa0 e:/arm course/imt_sdk_win_64/winarm/armgcc/bin/../lib/gcc/arm-none-eabi/7.2.1/thumb/v7-m\libgcc.a(_arm_truncdfsf2.o)
                0x080159fc                __truncdfsf2
                0x080159fc                __aeabi_d2f
 .text          0x08015a9c       0xec e:/arm course/imt_sdk_win_64/winarm/armgcc/bin/../lib/gcc/arm-none-eabi/7.2.1/thumb/v7-m\libgcc.a(_arm_cmpsf2.o)
                0x08015a9c                __gesf2
                0x08015a9c                __gtsf2
                0x08015aa4                __lesf2
                0x08015aa4                __ltsf2
                0x08015aac                __nesf2
                0x08015aac                __eqsf2
                0x08015aac                __cmpsf2
                0x08015b0c                __aeabi_cfrcmple
                0x08015b14                __aeabi_cfcmpeq
                0x08015b14                __aeabi_cfcmple
                0x08015b24                __aeabi_fcmpeq
                0x08015b38                __aeabi_fcmplt
                0x08015b4c                __aeabi_fcmple
                0x08015b60                __aeabi_fcmpge
                0x08015b74                __aeabi_fcmpgt
 .text.__errno  0x08015b88        0xc e:/arm course/imt_sdk_win_64/winarm/armgcc/bin/../lib/gcc/arm-none-eabi/7.2.1/../../../../arm-none-eabi/lib/thumb/v7-m\libg_nano.a(lib_a-errno.o)
                0x08015b88                __errno
 .text.memset   0x08015b94       0x10 e:/arm course/imt_sdk_win_64/winarm/armgcc/bin/../lib/gcc/arm-none-eabi/7.2.1/../../../../arm-none-eabi/lib/thumb/v7-m\libg_nano.a(lib_a-memset.o)
                0x08015b94                memset
 .text._vsnprintf_r
                0x08015ba4       0x58 e:/arm course/imt_sdk_win_64/winarm/armgcc/bin/../lib/gcc/arm-none-eabi/7.2.1/../../../../arm-none-eabi/lib/thumb/v7-m\libg_nano.a(lib_a-vsnprintf.o)
                0x08015ba4                _vsniprintf_r
                0x08015ba4                _vsnprintf_r
 .text.vsnprintf
                0x08015bfc       0x1c e:/arm course/imt_sdk_win_64/winarm/armgcc/bin/../lib/gcc/arm-none-eabi/7.2.1/../../../../arm-none-eabi/lib/thumb/v7-m\libg_nano.a(lib_a-vsnprintf.o)
                0x08015bfc                vsniprintf
                0x08015bfc                vsnprintf
 .text.__ssputs_r
                0x08015c18       0xb4 e:/arm course/imt_sdk_win_64/winarm/armgcc/bin/../lib/gcc/arm-none-eabi/7.2.1/../../../../arm-none-eabi/lib/thumb/v7-m\libg_nano.a(lib_a-nano-svfprintf.o)
                0x08015c18                __ssputs_r
 .text._svfprintf_r
                0x08015ccc      0x1ec e:/arm course/imt_sdk_win_64/winarm/armgcc/bin/../lib/gcc/arm-none-eabi/7.2.1/../../../../arm-none-eabi/lib/thumb/v7-m\libg_nano.a(lib_a-nano-svfprintf.o)
                0x08015ccc                _svfiprintf_r
                0x08015ccc                _svfprintf_r
 .text._printf_common
                0x08015eb8       0xec e:/arm course/imt_sdk_win_64/winarm/armgcc/bin/../lib/gcc/arm-none-eabi/7.2.1/../../../../arm-none-eabi/lib/thumb/v7-m\libg_nano.a(lib_a-nano-vfprintf_i.o)
                0x08015eb8                _printf_common
 .text._printf_i
                0x08015fa4      0x224 e:/arm course/imt_sdk_win_64/winarm/armgcc/bin/../lib/gcc/arm-none-eabi/7.2.1/../../../../arm-none-eabi/lib/thumb/v7-m\libg_nano.a(lib_a-nano-vfprintf_i.o)
                0x08015fa4                _printf_i
 .text.memchr   0x080161c8       0x1c e:/arm course/imt_sdk_win_64/winarm/armgcc/bin/../lib/gcc/arm-none-eabi/7.2.1/../../../../arm-none-eabi/lib/thumb/v7-m\libg_nano.a(lib_a-memchr-stub.o)
                0x080161c8                memchr
 .text.memcpy   0x080161e4       0x16 e:/arm course/imt_sdk_win_64/winarm/armgcc/bin/../lib/gcc/arm-none-eabi/7.2.1/../../../../arm-none-eabi/lib/thumb/v7-m\libg_nano.a(lib_a-memcpy-stub.o)
                0x080161e4                memcpy
 .text.memmove  0x080161fa       0x32 e:/arm course/imt_sdk_win_64/winarm/armgcc/bin/../lib/gcc/arm-none-eabi/7.2.1/../../../../arm-none-eabi/lib/thumb/v7-m\libg_nano.a(lib_a-memmove.o)
                0x080161fa                memmove
 .text._free_r  0x0801622c       0x98 e:/arm course/imt_sdk_win_64/winarm/armgcc/bin/../lib/gcc/arm-none-eabi/7.2.1/../../../../arm-none-eabi/lib/thumb/v7-m\libg_nano.a(lib_a-nano-freer.o)
                0x0801622c                _free_r
 .text._malloc_r
                0x080162c4       0xb4 e:/arm course/imt_sdk_win_64/winarm/armgcc/bin/../lib/gcc/arm-none-eabi/7.2.1/../../../../arm-none-eabi/lib/thumb/v7-m\libg_nano.a(lib_a-nano-mallocr.o)
                0x080162c4                _malloc_r
 .text._realloc_r
                0x08016378       0x4c e:/arm course/imt_sdk_win_64/winarm/armgcc/bin/../lib/gcc/arm-none-eabi/7.2.1/../../../../arm-none-eabi/lib/thumb/v7-m\libg_nano.a(lib_a-nano-reallocr.o)
                0x08016378                _realloc_r
 .text._sbrk_r  0x080163c4       0x20 e:/arm course/imt_sdk_win_64/winarm/armgcc/bin/../lib/gcc/arm-none-eabi/7.2.1/../../../../arm-none-eabi/lib/thumb/v7-m\libg_nano.a(lib_a-sbrkr.o)
                0x080163c4                _sbrk_r
 .text.__malloc_lock
                0x080163e4        0x2 e:/arm course/imt_sdk_win_64/winarm/armgcc/bin/../lib/gcc/arm-none-eabi/7.2.1/../../../../arm-none-eabi/lib/thumb/v7-m\libg_nano.a(lib_a-mlock.o)
                0x080163e4                __malloc_lock
 .text.__malloc_unlock
                0x080163e6        0x2 e:/arm course/imt_sdk_win_64/winarm/armgcc/bin/../lib/gcc/arm-none-eabi/7.2.1/../../../../arm-none-eabi/lib/thumb/v7-m\libg_nano.a(lib_a-mlock.o)
                0x080163e6                __malloc_unlock
 .text._malloc_usable_size_r
                0x080163e8       0x10 e:/arm course/imt_sdk_win_64/winarm/armgcc/bin/../lib/gcc/arm-none-eabi/7.2.1/../../../../arm-none-eabi/lib/thumb/v7-m\libg_nano.a(lib_a-nano-msizer.o)
                0x080163e8                _malloc_usable_size_r
 *(.rodata .rodata.* .constdata .constdata.*)
 .rodata.dumpExceptionStack.str1.4
                0x080163f8      0x11a ./system/src/cortexm/exception_handlers.o
 *fill*         0x08016512        0x2 
 .rodata.str1.4
                0x08016514       0x2c ./system/src/cortexm/exception_handlers.o
                                 0x2a (size before relaxing)
 .rodata        0x08016540       0x23 ./src/DIO_prog.o
 *fill*         0x08016563        0x1 
 .rodata        0x08016564        0xc ./src/main.o
 .rodata._svfprintf_r.str1.1
                0x08016570       0x11 e:/arm course/imt_sdk_win_64/winarm/armgcc/bin/../lib/gcc/arm-none-eabi/7.2.1/../../../../arm-none-eabi/lib/thumb/v7-m\libg_nano.a(lib_a-nano-svfprintf.o)
 .rodata._printf_i.str1.1
                0x08016581       0x22 e:/arm course/imt_sdk_win_64/winarm/armgcc/bin/../lib/gcc/arm-none-eabi/7.2.1/../../../../arm-none-eabi/lib/thumb/v7-m\libg_nano.a(lib_a-nano-vfprintf_i.o)
 *(vtable)
 *(.eh_frame*)
 *(.glue_7)
 .glue_7        0x080165a3        0x0 linker stubs
 *(.glue_7t)
 .glue_7t       0x080165a3        0x0 linker stubs

.vfp11_veneer   0x080165a4        0x0
 .vfp11_veneer  0x080165a4        0x0 linker stubs

.v4_bx          0x080165a4        0x0
 .v4_bx         0x080165a4        0x0 linker stubs

.iplt           0x080165a4        0x0
 .iplt          0x080165a4        0x0 ./system/src/newlib/_exit.o

.rel.dyn        0x080165a4        0x0
 .rel.iplt      0x080165a4        0x0 ./system/src/newlib/_exit.o

.ARM.extab
 *(.ARM.extab* .gnu.linkonce.armextab.*)
                0x080165a4                . = ALIGN (0x4)
                0x080165a4                __exidx_start = .

.ARM.exidx
 *(.ARM.exidx* .gnu.linkonce.armexidx.*)
                0x080165a4                __exidx_end = .
                0x080165a4                . = ALIGN (0x4)
                0x080165a4                _etext = .
                0x080165a4                __etext = .

.data_CCMRAM    0x00000000        0x0 load address 0x080165a4
 FILL mask 0xff
 *(.data.CCMRAM .data.CCMRAM.*)
                0x00000000                . = ALIGN (0x4)
                0x080165a4                _sidata = LOADADDR (.data)

.data           0x20000000       0xa0 load address 0x080165a4
 FILL mask 0xff
                0x20000000                _sdata = .
                0x20000000                __data_start__ = .
 *(.data_begin .data_begin.*)
 .data_begin    0x20000000        0x4 ./system/src/newlib/_startup.o
 *(.data .data.*)
 .data.argv.4310
                0x20000004        0x8 ./system/src/newlib/_syscalls.o
 .data.AHBPrescTable
                0x2000000c       0x10 ./system/src/cmsis/system_stm32f10x.o
                0x2000000c                AHBPrescTable
 .data.SystemCoreClock
                0x2000001c        0x4 ./system/src/cmsis/system_stm32f10x.o
                0x2000001c                SystemCoreClock
 .data.AFIO_REG
                0x20000020        0x4 ./src/CAN.o
                0x20000020                AFIO_REG
 .data.DIO_PORTCREG
                0x20000024        0x4 ./src/DIO_prog.o
                0x20000024                DIO_PORTCREG
 .data.DIO_apgpioRegisters
                0x20000028        0xc ./src/DIO_prog.o
                0x20000028                DIO_apgpioRegisters
 .data.SCB_REG  0x20000034        0x4 ./src/SCB_prog.o
                0x20000034                SCB_REG
 .data._impure_ptr
                0x20000038        0x4 e:/arm course/imt_sdk_win_64/winarm/armgcc/bin/../lib/gcc/arm-none-eabi/7.2.1/../../../../arm-none-eabi/lib/thumb/v7-m\libg_nano.a(lib_a-impure.o)
                0x20000038                _impure_ptr
 .data.impure_data
                0x2000003c       0x60 e:/arm course/imt_sdk_win_64/winarm/armgcc/bin/../lib/gcc/arm-none-eabi/7.2.1/../../../../arm-none-eabi/lib/thumb/v7-m\libg_nano.a(lib_a-impure.o)
 *(.data_end .data_end.*)
 .data_end      0x2000009c        0x4 ./system/src/newlib/_startup.o
                0x200000a0                . = ALIGN (0x4)
                0x200000a0                _edata = .
                0x200000a0                __data_end__ = .

.igot.plt       0x200000a0        0x0 load address 0x08016644
 .igot.plt      0x200000a0        0x0 ./system/src/newlib/_exit.o

.bss_CCMRAM     0x00000000        0x0
 *(.bss.CCMRAM .bss.CCMRAM.*)

.bss            0x200000a0      0x148
                0x200000a0                __bss_start__ = .
                0x200000a0                _sbss = .
 *(.bss_begin .bss_begin.*)
 .bss_begin     0x200000a0        0x4 ./system/src/newlib/_startup.o
 *(.bss .bss.*)
 .bss.current_heap_end.3961
                0x200000a4        0x4 ./system/src/newlib/_sbrk.o
 .bss.name.4309
                0x200000a8        0x1 ./system/src/newlib/_syscalls.o
 *fill*         0x200000a9        0x3 
 .bss.buf.5205  0x200000ac       0x80 ./system/src/diag/Trace.o
 .bss.CAN_RxRdy
                0x2000012c        0x1 ./src/CAN.o
                0x2000012c                CAN_RxRdy
 *fill*         0x2000012d        0x3 
 .bss.CAN_TxRdy
                0x20000130        0x3 ./src/CAN.o
                0x20000130                CAN_TxRdy
 *fill*         0x20000133        0x1 
 .bss.CAN_filterIdx.5602
                0x20000134        0x2 ./src/CAN.o
 .bss.u8RxMsgIndex.5623
                0x20000136        0x1 ./src/CAN.o
 *fill*         0x20000137        0x1 
 .bss.__malloc_free_list
                0x20000138        0x4 e:/arm course/imt_sdk_win_64/winarm/armgcc/bin/../lib/gcc/arm-none-eabi/7.2.1/../../../../arm-none-eabi/lib/thumb/v7-m\libg_nano.a(lib_a-nano-mallocr.o)
                0x20000138                __malloc_free_list
 .bss.__malloc_sbrk_start
                0x2000013c        0x4 e:/arm course/imt_sdk_win_64/winarm/armgcc/bin/../lib/gcc/arm-none-eabi/7.2.1/../../../../arm-none-eabi/lib/thumb/v7-m\libg_nano.a(lib_a-nano-mallocr.o)
                0x2000013c                __malloc_sbrk_start
 *(COMMON)
 COMMON         0x20000140        0x4 ./system/src/newlib/_syscalls.o
                0x20000140                errno
 COMMON         0x20000144       0x88 ./src/CAN.o
                0x20000144                CAN_TxMsg
                0x20000174                u8MailBox0Flag
                0x20000178                value_0
                0x20000180                u8MailBox2Flag
                0x20000184                value_2
                0x2000018c                u8MailBox1Flag
                0x20000190                value_1
                0x20000198                filt_counter
                0x2000019c                CAN_RxMsg
 COMMON         0x200001cc       0x18 ./src/DMA_program.o
                0x200001cc                DMA_CallbackFunction
 *(.bss_end .bss_end.*)
 .bss_end       0x200001e4        0x4 ./system/src/newlib/_startup.o
                0x200001e8                . = ALIGN (0x4)
                0x200001e8                __bss_end__ = .
                0x200001e8                _ebss = .

.noinit_CCMRAM
 *(.noinit.CCMRAM .noinit.CCMRAM.*)

.noinit         0x200001e8        0x0
                0x200001e8                _noinit = .
 *(.noinit .noinit.*)
                0x200001e8                . = ALIGN (0x4)
                0x200001e8                _end_noinit = .
                [!provide]                PROVIDE (end, _end_noinit)
                [!provide]                PROVIDE (_end, _end_noinit)
                [!provide]                PROVIDE (__end, _end_noinit)
                [!provide]                PROVIDE (__end__, _end_noinit)

._check_stack   0x200001e8      0x100
                0x200002e8                . = (. + _Minimum_Stack_Size)
 *fill*         0x200001e8      0x100 

.b1text
 *(.b1text)
 *(.b1rodata)
 *(.b1rodata.*)

.eb0text
 *(.eb0text)
 *(.eb0rodata)
 *(.eb0rodata.*)

.eb1text
 *(.eb1text)
 *(.eb1rodata)
 *(.eb1rodata.*)

.eb2text
 *(.eb2text)
 *(.eb2rodata)
 *(.eb2rodata.*)

.eb3text
 *(.eb3text)
 *(.eb3rodata)
 *(.eb3rodata.*)

.stab
 *(.stab)

.stabstr
 *(.stabstr)

.stab.excl
 *(.stab.excl)

.stab.exclstr
 *(.stab.exclstr)

.stab.index
 *(.stab.index)

.stab.indexstr
 *(.stab.indexstr)

.comment        0x00000000       0x7e
 *(.comment)
 .comment       0x00000000       0x7e ./system/src/newlib/_exit.o
                                 0x7f (size before relaxing)
 .comment       0x0000007e       0x7f ./system/src/newlib/_sbrk.o
 .comment       0x0000007e       0x7f ./system/src/newlib/_startup.o
 .comment       0x0000007e       0x7f ./system/src/newlib/_syscalls.o
 .comment       0x0000007e       0x7f ./system/src/diag/Trace.o
 .comment       0x0000007e       0x7f ./system/src/diag/trace_impl.o
 .comment       0x0000007e       0x7f ./system/src/cortexm/_initialize_hardware.o
 .comment       0x0000007e       0x7f ./system/src/cortexm/exception_handlers.o
 .comment       0x0000007e       0x7f ./system/src/cmsis/system_stm32f10x.o
 .comment       0x0000007e       0x7f ./system/src/cmsis/vectors_stm32f10x.o
 .comment       0x0000007e       0x7f ./src/ADC_prog.o
 .comment       0x0000007e       0x7f ./src/AFIO_program.o
 .comment       0x0000007e       0x7f ./src/CAN.o
 .comment       0x0000007e       0x7f ./src/CANHANDLER_prog.o
 .comment       0x0000007e       0x7f ./src/DIO_prog.o
 .comment       0x0000007e       0x7f ./src/DMA_program.o
 .comment       0x0000007e       0x7f ./src/FLASH_prog.o
 .comment       0x0000007e       0x7f ./src/NVIC_prog.o
 .comment       0x0000007e       0x7f ./src/RCC_prog.o
 .comment       0x0000007e       0x7f ./src/SCB_prog.o
 .comment       0x0000007e       0x7f ./src/main.o

.ARM.attributes
                0x00000000       0x31
 .ARM.attributes
                0x00000000       0x33 ./system/src/newlib/_exit.o
 .ARM.attributes
                0x00000033       0x33 ./system/src/newlib/_sbrk.o
 .ARM.attributes
                0x00000066       0x33 ./system/src/newlib/_startup.o
 .ARM.attributes
                0x00000099       0x33 ./system/src/newlib/_syscalls.o
 .ARM.attributes
                0x000000cc       0x33 ./system/src/diag/Trace.o
 .ARM.attributes
                0x000000ff       0x33 ./system/src/diag/trace_impl.o
 .ARM.attributes
                0x00000132       0x33 ./system/src/cortexm/_initialize_hardware.o
 .ARM.attributes
                0x00000165       0x33 ./system/src/cortexm/exception_handlers.o
 .ARM.attributes
                0x00000198       0x33 ./system/src/cmsis/system_stm32f10x.o
 .ARM.attributes
                0x000001cb       0x33 ./system/src/cmsis/vectors_stm32f10x.o
 .ARM.attributes
                0x000001fe       0x33 ./src/ADC_prog.o
 .ARM.attributes
                0x00000231       0x33 ./src/AFIO_program.o
 .ARM.attributes
                0x00000264       0x33 ./src/CAN.o
 .ARM.attributes
                0x00000297       0x33 ./src/CANHANDLER_prog.o
 .ARM.attributes
                0x000002ca       0x33 ./src/DIO_prog.o
 .ARM.attributes
                0x000002fd       0x33 ./src/DMA_program.o
 .ARM.attributes
                0x00000330       0x33 ./src/FLASH_prog.o
 .ARM.attributes
                0x00000363       0x33 ./src/NVIC_prog.o
 .ARM.attributes
                0x00000396       0x33 ./src/RCC_prog.o
 .ARM.attributes
                0x000003c9       0x33 ./src/SCB_prog.o
 .ARM.attributes
                0x000003fc       0x33 ./src/main.o
 .ARM.attributes
                0x0000042f       0x1d e:/arm course/imt_sdk_win_64/winarm/armgcc/bin/../lib/gcc/arm-none-eabi/7.2.1/thumb/v7-m\libgcc.a(_arm_addsubdf3.o)
 .ARM.attributes
                0x0000044c       0x1d e:/arm course/imt_sdk_win_64/winarm/armgcc/bin/../lib/gcc/arm-none-eabi/7.2.1/thumb/v7-m\libgcc.a(_arm_muldivdf3.o)
 .ARM.attributes
                0x00000469       0x1d e:/arm course/imt_sdk_win_64/winarm/armgcc/bin/../lib/gcc/arm-none-eabi/7.2.1/thumb/v7-m\libgcc.a(_arm_truncdfsf2.o)
 .ARM.attributes
                0x00000486       0x1d e:/arm course/imt_sdk_win_64/winarm/armgcc/bin/../lib/gcc/arm-none-eabi/7.2.1/thumb/v7-m\libgcc.a(_arm_cmpsf2.o)
 .ARM.attributes
                0x000004a3       0x2d e:/arm course/imt_sdk_win_64/winarm/armgcc/bin/../lib/gcc/arm-none-eabi/7.2.1/../../../../arm-none-eabi/lib/thumb/v7-m\libg_nano.a(lib_a-errno.o)
 .ARM.attributes
                0x000004d0       0x2d e:/arm course/imt_sdk_win_64/winarm/armgcc/bin/../lib/gcc/arm-none-eabi/7.2.1/../../../../arm-none-eabi/lib/thumb/v7-m\libg_nano.a(lib_a-impure.o)
 .ARM.attributes
                0x000004fd       0x2d e:/arm course/imt_sdk_win_64/winarm/armgcc/bin/../lib/gcc/arm-none-eabi/7.2.1/../../../../arm-none-eabi/lib/thumb/v7-m\libg_nano.a(lib_a-memset.o)
 .ARM.attributes
                0x0000052a       0x2d e:/arm course/imt_sdk_win_64/winarm/armgcc/bin/../lib/gcc/arm-none-eabi/7.2.1/../../../../arm-none-eabi/lib/thumb/v7-m\libg_nano.a(lib_a-vsnprintf.o)
 .ARM.attributes
                0x00000557       0x2d e:/arm course/imt_sdk_win_64/winarm/armgcc/bin/../lib/gcc/arm-none-eabi/7.2.1/../../../../arm-none-eabi/lib/thumb/v7-m\libg_nano.a(lib_a-nano-svfprintf.o)
 .ARM.attributes
                0x00000584       0x2d e:/arm course/imt_sdk_win_64/winarm/armgcc/bin/../lib/gcc/arm-none-eabi/7.2.1/../../../../arm-none-eabi/lib/thumb/v7-m\libg_nano.a(lib_a-nano-vfprintf_i.o)
 .ARM.attributes
                0x000005b1       0x2d e:/arm course/imt_sdk_win_64/winarm/armgcc/bin/../lib/gcc/arm-none-eabi/7.2.1/../../../../arm-none-eabi/lib/thumb/v7-m\libg_nano.a(lib_a-memchr-stub.o)
 .ARM.attributes
                0x000005de       0x2d e:/arm course/imt_sdk_win_64/winarm/armgcc/bin/../lib/gcc/arm-none-eabi/7.2.1/../../../../arm-none-eabi/lib/thumb/v7-m\libg_nano.a(lib_a-memcpy-stub.o)
 .ARM.attributes
                0x0000060b       0x2d e:/arm course/imt_sdk_win_64/winarm/armgcc/bin/../lib/gcc/arm-none-eabi/7.2.1/../../../../arm-none-eabi/lib/thumb/v7-m\libg_nano.a(lib_a-memmove.o)
 .ARM.attributes
                0x00000638       0x2d e:/arm course/imt_sdk_win_64/winarm/armgcc/bin/../lib/gcc/arm-none-eabi/7.2.1/../../../../arm-none-eabi/lib/thumb/v7-m\libg_nano.a(lib_a-nano-freer.o)
 .ARM.attributes
                0x00000665       0x2d e:/arm course/imt_sdk_win_64/winarm/armgcc/bin/../lib/gcc/arm-none-eabi/7.2.1/../../../../arm-none-eabi/lib/thumb/v7-m\libg_nano.a(lib_a-nano-mallocr.o)
 .ARM.attributes
                0x00000692       0x2d e:/arm course/imt_sdk_win_64/winarm/armgcc/bin/../lib/gcc/arm-none-eabi/7.2.1/../../../../arm-none-eabi/lib/thumb/v7-m\libg_nano.a(lib_a-nano-reallocr.o)
 .ARM.attributes
                0x000006bf       0x2d e:/arm course/imt_sdk_win_64/winarm/armgcc/bin/../lib/gcc/arm-none-eabi/7.2.1/../../../../arm-none-eabi/lib/thumb/v7-m\libg_nano.a(lib_a-sbrkr.o)
 .ARM.attributes
                0x000006ec       0x2d e:/arm course/imt_sdk_win_64/winarm/armgcc/bin/../lib/gcc/arm-none-eabi/7.2.1/../../../../arm-none-eabi/lib/thumb/v7-m\libg_nano.a(lib_a-mlock.o)
 .ARM.attributes
                0x00000719       0x2d e:/arm course/imt_sdk_win_64/winarm/armgcc/bin/../lib/gcc/arm-none-eabi/7.2.1/../../../../arm-none-eabi/lib/thumb/v7-m\libg_nano.a(lib_a-nano-msizer.o)

.debug
 *(.debug)

.line
 *(.line)

.debug_srcinfo
 *(.debug_srcinfo)

.debug_sfnames
 *(.debug_sfnames)

.debug_aranges  0x00000000      0x4e8
 *(.debug_aranges)
 .debug_aranges
                0x00000000       0x28 ./system/src/newlib/_exit.o
 .debug_aranges
                0x00000028       0x20 ./system/src/newlib/_sbrk.o
 .debug_aranges
                0x00000048       0x40 ./system/src/newlib/_startup.o
 .debug_aranges
                0x00000088       0x30 ./system/src/newlib/_syscalls.o
 .debug_aranges
                0x000000b8       0x38 ./system/src/diag/Trace.o
 .debug_aranges
                0x000000f0       0x30 ./system/src/diag/trace_impl.o
 .debug_aranges
                0x00000120       0x28 ./system/src/cortexm/_initialize_hardware.o
 .debug_aranges
                0x00000148       0x90 ./system/src/cortexm/exception_handlers.o
 .debug_aranges
                0x000001d8       0x38 ./system/src/cmsis/system_stm32f10x.o
 .debug_aranges
                0x00000210       0x20 ./system/src/cmsis/vectors_stm32f10x.o
 .debug_aranges
                0x00000230       0x50 ./src/ADC_prog.o
 .debug_aranges
                0x00000280       0x20 ./src/AFIO_program.o
 .debug_aranges
                0x000002a0       0x78 ./src/CAN.o
 .debug_aranges
                0x00000318       0x20 ./src/CANHANDLER_prog.o
 .debug_aranges
                0x00000338       0x30 ./src/DIO_prog.o
 .debug_aranges
                0x00000368       0x50 ./src/DMA_program.o
 .debug_aranges
                0x000003b8       0x50 ./src/FLASH_prog.o
 .debug_aranges
                0x00000408       0x50 ./src/NVIC_prog.o
 .debug_aranges
                0x00000458       0x40 ./src/RCC_prog.o
 .debug_aranges
                0x00000498       0x28 ./src/SCB_prog.o
 .debug_aranges
                0x000004c0       0x28 ./src/main.o

.debug_pubnames
 *(.debug_pubnames)

.debug_info     0x00000000     0x798e
 *(.debug_info .gnu.linkonce.wi.*)
 .debug_info    0x00000000      0x956 ./system/src/newlib/_exit.o
 .debug_info    0x00000956      0x942 ./system/src/newlib/_sbrk.o
 .debug_info    0x00001298      0x42e ./system/src/newlib/_startup.o
 .debug_info    0x000016c6      0xa19 ./system/src/newlib/_syscalls.o
 .debug_info    0x000020df      0xb2a ./system/src/diag/Trace.o
 .debug_info    0x00002c09      0x363 ./system/src/diag/trace_impl.o
 .debug_info    0x00002f6c      0x2b5 ./system/src/cortexm/_initialize_hardware.o
 .debug_info    0x00003221     0x1140 ./system/src/cortexm/exception_handlers.o
 .debug_info    0x00004361      0x494 ./system/src/cmsis/system_stm32f10x.o
 .debug_info    0x000047f5       0xca ./system/src/cmsis/vectors_stm32f10x.o
 .debug_info    0x000048bf      0x15d ./src/ADC_prog.o
 .debug_info    0x00004a1c       0x7e ./src/AFIO_program.o
 .debug_info    0x00004a9a      0xfca ./src/CAN.o
 .debug_info    0x00005a64      0x215 ./src/CANHANDLER_prog.o
 .debug_info    0x00005c79      0x223 ./src/DIO_prog.o
 .debug_info    0x00005e9c      0x4aa ./src/DMA_program.o
 .debug_info    0x00006346      0x299 ./src/FLASH_prog.o
 .debug_info    0x000065df      0x18b ./src/NVIC_prog.o
 .debug_info    0x0000676a      0x12a ./src/RCC_prog.o
 .debug_info    0x00006894      0x170 ./src/SCB_prog.o
 .debug_info    0x00006a04      0xf8a ./src/main.o

.debug_abbrev   0x00000000     0x1fe1
 *(.debug_abbrev)
 .debug_abbrev  0x00000000      0x1f3 ./system/src/newlib/_exit.o
 .debug_abbrev  0x000001f3      0x1fc ./system/src/newlib/_sbrk.o
 .debug_abbrev  0x000003ef      0x1b3 ./system/src/newlib/_startup.o
 .debug_abbrev  0x000005a2      0x234 ./system/src/newlib/_syscalls.o
 .debug_abbrev  0x000007d6      0x276 ./system/src/diag/Trace.o
 .debug_abbrev  0x00000a4c      0x1e2 ./system/src/diag/trace_impl.o
 .debug_abbrev  0x00000c2e       0xea ./system/src/cortexm/_initialize_hardware.o
 .debug_abbrev  0x00000d18      0x32b ./system/src/cortexm/exception_handlers.o
 .debug_abbrev  0x00001043      0x177 ./system/src/cmsis/system_stm32f10x.o
 .debug_abbrev  0x000011ba       0x9d ./system/src/cmsis/vectors_stm32f10x.o
 .debug_abbrev  0x00001257       0xce ./src/ADC_prog.o
 .debug_abbrev  0x00001325       0x47 ./src/AFIO_program.o
 .debug_abbrev  0x0000136c      0x300 ./src/CAN.o
 .debug_abbrev  0x0000166c      0x102 ./src/CANHANDLER_prog.o
 .debug_abbrev  0x0000176e       0xfd ./src/DIO_prog.o
 .debug_abbrev  0x0000186b      0x18c ./src/DMA_program.o
 .debug_abbrev  0x000019f7      0x135 ./src/FLASH_prog.o
 .debug_abbrev  0x00001b2c       0xc4 ./src/NVIC_prog.o
 .debug_abbrev  0x00001bf0       0x9b ./src/RCC_prog.o
 .debug_abbrev  0x00001c8b       0xa4 ./src/SCB_prog.o
 .debug_abbrev  0x00001d2f      0x2b2 ./src/main.o

.debug_line     0x00000000     0x38fa
 *(.debug_line)
 .debug_line    0x00000000      0x323 ./system/src/newlib/_exit.o
 .debug_line    0x00000323      0x2d7 ./system/src/newlib/_sbrk.o
 .debug_line    0x000005fa      0x391 ./system/src/newlib/_startup.o
 .debug_line    0x0000098b      0x3e2 ./system/src/newlib/_syscalls.o
 .debug_line    0x00000d6d      0x39f ./system/src/diag/Trace.o
 .debug_line    0x0000110c      0x60c ./system/src/diag/trace_impl.o
 .debug_line    0x00001718      0x369 ./system/src/cortexm/_initialize_hardware.o
 .debug_line    0x00001a81      0x6ce ./system/src/cortexm/exception_handlers.o
 .debug_line    0x0000214f      0x3dc ./system/src/cmsis/system_stm32f10x.o
 .debug_line    0x0000252b       0xf5 ./system/src/cmsis/vectors_stm32f10x.o
 .debug_line    0x00002620      0x145 ./src/ADC_prog.o
 .debug_line    0x00002765       0x94 ./src/AFIO_program.o
 .debug_line    0x000027f9      0x4f0 ./src/CAN.o
 .debug_line    0x00002ce9       0xbd ./src/CANHANDLER_prog.o
 .debug_line    0x00002da6      0x146 ./src/DIO_prog.o
 .debug_line    0x00002eec      0x12a ./src/DMA_program.o
 .debug_line    0x00003016      0x19e ./src/FLASH_prog.o
 .debug_line    0x000031b4      0x107 ./src/NVIC_prog.o
 .debug_line    0x000032bb      0x119 ./src/RCC_prog.o
 .debug_line    0x000033d4       0x92 ./src/SCB_prog.o
 .debug_line    0x00003466      0x494 ./src/main.o

.debug_frame    0x00000000      0xe30
 *(.debug_frame)
 .debug_frame   0x00000000       0x38 ./system/src/newlib/_exit.o
 .debug_frame   0x00000038       0x28 ./system/src/newlib/_sbrk.o
 .debug_frame   0x00000060       0x7c ./system/src/newlib/_startup.o
 .debug_frame   0x000000dc       0x50 ./system/src/newlib/_syscalls.o
 .debug_frame   0x0000012c       0x94 ./system/src/diag/Trace.o
 .debug_frame   0x000001c0       0x64 ./system/src/diag/trace_impl.o
 .debug_frame   0x00000224       0x40 ./system/src/cortexm/_initialize_hardware.o
 .debug_frame   0x00000264      0x158 ./system/src/cortexm/exception_handlers.o
 .debug_frame   0x000003bc       0x6c ./system/src/cmsis/system_stm32f10x.o
 .debug_frame   0x00000428       0x20 ./system/src/cmsis/vectors_stm32f10x.o
 .debug_frame   0x00000448       0x94 ./src/ADC_prog.o
 .debug_frame   0x000004dc       0x20 ./src/AFIO_program.o
 .debug_frame   0x000004fc      0x11c ./src/CAN.o
 .debug_frame   0x00000618       0x30 ./src/CANHANDLER_prog.o
 .debug_frame   0x00000648       0x54 ./src/DIO_prog.o
 .debug_frame   0x0000069c       0xa4 ./src/DMA_program.o
 .debug_frame   0x00000740       0xac ./src/FLASH_prog.o
 .debug_frame   0x000007ec       0x80 ./src/NVIC_prog.o
 .debug_frame   0x0000086c       0x60 ./src/RCC_prog.o
 .debug_frame   0x000008cc       0x30 ./src/SCB_prog.o
 .debug_frame   0x000008fc       0x3c ./src/main.o
 .debug_frame   0x00000938       0xac e:/arm course/imt_sdk_win_64/winarm/armgcc/bin/../lib/gcc/arm-none-eabi/7.2.1/thumb/v7-m\libgcc.a(_arm_addsubdf3.o)
 .debug_frame   0x000009e4       0x50 e:/arm course/imt_sdk_win_64/winarm/armgcc/bin/../lib/gcc/arm-none-eabi/7.2.1/thumb/v7-m\libgcc.a(_arm_muldivdf3.o)
 .debug_frame   0x00000a34       0x24 e:/arm course/imt_sdk_win_64/winarm/armgcc/bin/../lib/gcc/arm-none-eabi/7.2.1/thumb/v7-m\libgcc.a(_arm_truncdfsf2.o)
 .debug_frame   0x00000a58       0xc8 e:/arm course/imt_sdk_win_64/winarm/armgcc/bin/../lib/gcc/arm-none-eabi/7.2.1/thumb/v7-m\libgcc.a(_arm_cmpsf2.o)
 .debug_frame   0x00000b20       0x20 e:/arm course/imt_sdk_win_64/winarm/armgcc/bin/../lib/gcc/arm-none-eabi/7.2.1/../../../../arm-none-eabi/lib/thumb/v7-m\libg_nano.a(lib_a-errno.o)
 .debug_frame   0x00000b40       0x20 e:/arm course/imt_sdk_win_64/winarm/armgcc/bin/../lib/gcc/arm-none-eabi/7.2.1/../../../../arm-none-eabi/lib/thumb/v7-m\libg_nano.a(lib_a-memset.o)
 .debug_frame   0x00000b60       0x4c e:/arm course/imt_sdk_win_64/winarm/armgcc/bin/../lib/gcc/arm-none-eabi/7.2.1/../../../../arm-none-eabi/lib/thumb/v7-m\libg_nano.a(lib_a-vsnprintf.o)
 .debug_frame   0x00000bac       0x90 e:/arm course/imt_sdk_win_64/winarm/armgcc/bin/../lib/gcc/arm-none-eabi/7.2.1/../../../../arm-none-eabi/lib/thumb/v7-m\libg_nano.a(lib_a-nano-svfprintf.o)
 .debug_frame   0x00000c3c       0x60 e:/arm course/imt_sdk_win_64/winarm/armgcc/bin/../lib/gcc/arm-none-eabi/7.2.1/../../../../arm-none-eabi/lib/thumb/v7-m\libg_nano.a(lib_a-nano-vfprintf_i.o)
 .debug_frame   0x00000c9c       0x28 e:/arm course/imt_sdk_win_64/winarm/armgcc/bin/../lib/gcc/arm-none-eabi/7.2.1/../../../../arm-none-eabi/lib/thumb/v7-m\libg_nano.a(lib_a-memchr-stub.o)
 .debug_frame   0x00000cc4       0x28 e:/arm course/imt_sdk_win_64/winarm/armgcc/bin/../lib/gcc/arm-none-eabi/7.2.1/../../../../arm-none-eabi/lib/thumb/v7-m\libg_nano.a(lib_a-memcpy-stub.o)
 .debug_frame   0x00000cec       0x28 e:/arm course/imt_sdk_win_64/winarm/armgcc/bin/../lib/gcc/arm-none-eabi/7.2.1/../../../../arm-none-eabi/lib/thumb/v7-m\libg_nano.a(lib_a-memmove.o)
 .debug_frame   0x00000d14       0x38 e:/arm course/imt_sdk_win_64/winarm/armgcc/bin/../lib/gcc/arm-none-eabi/7.2.1/../../../../arm-none-eabi/lib/thumb/v7-m\libg_nano.a(lib_a-nano-freer.o)
 .debug_frame   0x00000d4c       0x2c e:/arm course/imt_sdk_win_64/winarm/armgcc/bin/../lib/gcc/arm-none-eabi/7.2.1/../../../../arm-none-eabi/lib/thumb/v7-m\libg_nano.a(lib_a-nano-mallocr.o)
 .debug_frame   0x00000d78       0x3c e:/arm course/imt_sdk_win_64/winarm/armgcc/bin/../lib/gcc/arm-none-eabi/7.2.1/../../../../arm-none-eabi/lib/thumb/v7-m\libg_nano.a(lib_a-nano-reallocr.o)
 .debug_frame   0x00000db4       0x2c e:/arm course/imt_sdk_win_64/winarm/armgcc/bin/../lib/gcc/arm-none-eabi/7.2.1/../../../../arm-none-eabi/lib/thumb/v7-m\libg_nano.a(lib_a-sbrkr.o)
 .debug_frame   0x00000de0       0x30 e:/arm course/imt_sdk_win_64/winarm/armgcc/bin/../lib/gcc/arm-none-eabi/7.2.1/../../../../arm-none-eabi/lib/thumb/v7-m\libg_nano.a(lib_a-mlock.o)
 .debug_frame   0x00000e10       0x20 e:/arm course/imt_sdk_win_64/winarm/armgcc/bin/../lib/gcc/arm-none-eabi/7.2.1/../../../../arm-none-eabi/lib/thumb/v7-m\libg_nano.a(lib_a-nano-msizer.o)

.debug_str      0x00000000    0x5adb4
 *(.debug_str)
 .debug_str     0x00000000     0x7d20 ./system/src/newlib/_exit.o
                               0x7ef3 (size before relaxing)
 .debug_str     0x00007d20      0x4f5 ./system/src/newlib/_sbrk.o
                               0x72a5 (size before relaxing)
 .debug_str     0x00008215      0xbbd ./system/src/newlib/_startup.o
                               0x69e0 (size before relaxing)
 .debug_str     0x00008dd2      0xe8b ./system/src/newlib/_syscalls.o
                               0x8180 (size before relaxing)
 .debug_str     0x00009c5d      0x826 ./system/src/diag/Trace.o
                               0x866b (size before relaxing)
 .debug_str     0x0000a483    0x4b2b9 ./system/src/diag/trace_impl.o
                              0x52a51 (size before relaxing)
 .debug_str     0x0005573c       0x9f ./system/src/cortexm/_initialize_hardware.o
                              0x4e842 (size before relaxing)
 .debug_str     0x000557db      0x1a6 ./system/src/cortexm/exception_handlers.o
                              0x53c76 (size before relaxing)
 .debug_str     0x00055981      0x114 ./system/src/cmsis/system_stm32f10x.o
                              0x4e8dc (size before relaxing)
 .debug_str     0x00055a95       0x57 ./system/src/cmsis/vectors_stm32f10x.o
                               0x3881 (size before relaxing)
 .debug_str     0x00055aec      0xaf8 ./src/ADC_prog.o
                               0x387e (size before relaxing)
 .debug_str     0x000565e4      0xafa ./src/AFIO_program.o
                               0x38b9 (size before relaxing)
 .debug_str     0x000570de     0x1b97 ./src/CAN.o
                               0xa15d (size before relaxing)
 .debug_str     0x00058c75       0xa3 ./src/CANHANDLER_prog.o
                               0x322e (size before relaxing)
 .debug_str     0x00058d18      0x438 ./src/DIO_prog.o
                               0x3cb3 (size before relaxing)
 .debug_str     0x00059150      0x396 ./src/DMA_program.o
                               0x34d2 (size before relaxing)
 .debug_str     0x000594e6      0x64f ./src/FLASH_prog.o
                               0x3725 (size before relaxing)
 .debug_str     0x00059b35      0x1cd ./src/NVIC_prog.o
                               0x36e1 (size before relaxing)
 .debug_str     0x00059d02      0xcfe ./src/RCC_prog.o
                               0x42c9 (size before relaxing)
 .debug_str     0x0005aa00      0x170 ./src/SCB_prog.o
                               0x3218 (size before relaxing)
 .debug_str     0x0005ab70      0x244 ./src/main.o
                               0xa368 (size before relaxing)

.debug_loc      0x00000000     0x1384
 *(.debug_loc)
 .debug_loc     0x00000000       0x85 ./system/src/newlib/_sbrk.o
 .debug_loc     0x00000085      0x1a9 ./system/src/newlib/_startup.o
 .debug_loc     0x0000022e       0x63 ./system/src/newlib/_syscalls.o
 .debug_loc     0x00000291       0xf6 ./system/src/diag/Trace.o
 .debug_loc     0x00000387      0x121 ./system/src/diag/trace_impl.o
 .debug_loc     0x000004a8      0x291 ./system/src/cortexm/exception_handlers.o
 .debug_loc     0x00000739       0xdf ./system/src/cmsis/system_stm32f10x.o
 .debug_loc     0x00000818       0x6a ./src/ADC_prog.o
 .debug_loc     0x00000882      0x184 ./src/CAN.o
 .debug_loc     0x00000a06      0x160 ./src/CANHANDLER_prog.o
 .debug_loc     0x00000b66      0x1b6 ./src/DIO_prog.o
 .debug_loc     0x00000d1c      0x16b ./src/DMA_program.o
 .debug_loc     0x00000e87      0x1ea ./src/FLASH_prog.o
 .debug_loc     0x00001071      0x15f ./src/NVIC_prog.o
 .debug_loc     0x000011d0      0x130 ./src/RCC_prog.o
 .debug_loc     0x00001300       0x84 ./src/main.o

.debug_macinfo
 *(.debug_macinfo)

.debug_weaknames
 *(.debug_weaknames)

.debug_funcnames
 *(.debug_funcnames)

.debug_typenames
 *(.debug_typenames)

.debug_varnames
 *(.debug_varnames)
OUTPUT(Project_APPMain.elf elf32-littlearm)

.debug_ranges   0x00000000      0x410
 .debug_ranges  0x00000000       0x18 ./system/src/newlib/_exit.o
 .debug_ranges  0x00000018       0x10 ./system/src/newlib/_sbrk.o
 .debug_ranges  0x00000028       0x78 ./system/src/newlib/_startup.o
 .debug_ranges  0x000000a0       0x20 ./system/src/newlib/_syscalls.o
 .debug_ranges  0x000000c0       0x28 ./system/src/diag/Trace.o
 .debug_ranges  0x000000e8       0x50 ./system/src/diag/trace_impl.o
 .debug_ranges  0x00000138       0x18 ./system/src/cortexm/_initialize_hardware.o
 .debug_ranges  0x00000150       0x80 ./system/src/cortexm/exception_handlers.o
 .debug_ranges  0x000001d0       0x28 ./system/src/cmsis/system_stm32f10x.o
 .debug_ranges  0x000001f8       0x10 ./system/src/cmsis/vectors_stm32f10x.o
 .debug_ranges  0x00000208       0x40 ./src/ADC_prog.o
 .debug_ranges  0x00000248       0x10 ./src/AFIO_program.o
 .debug_ranges  0x00000258       0x68 ./src/CAN.o
 .debug_ranges  0x000002c0       0x10 ./src/CANHANDLER_prog.o
 .debug_ranges  0x000002d0       0x20 ./src/DIO_prog.o
 .debug_ranges  0x000002f0       0x40 ./src/DMA_program.o
 .debug_ranges  0x00000330       0x40 ./src/FLASH_prog.o
 .debug_ranges  0x00000370       0x40 ./src/NVIC_prog.o
 .debug_ranges  0x000003b0       0x30 ./src/RCC_prog.o
 .debug_ranges  0x000003e0       0x18 ./src/SCB_prog.o
 .debug_ranges  0x000003f8       0x18 ./src/main.o

.debug_macro    0x00000000     0x3fcd
 .debug_macro   0x00000000      0x1b4 ./system/src/newlib/_exit.o
 .debug_macro   0x000001b4       0x9c ./system/src/newlib/_exit.o
 .debug_macro   0x00000250      0x10e ./system/src/newlib/_exit.o
 .debug_macro   0x0000035e       0x8d ./system/src/newlib/_exit.o
 .debug_macro   0x000003eb       0x43 ./system/src/newlib/_exit.o
 .debug_macro   0x0000042e      0x330 ./system/src/newlib/_exit.o
 .debug_macro   0x0000075e       0x35 ./system/src/newlib/_exit.o
 .debug_macro   0x00000793      0x169 ./system/src/newlib/_sbrk.o
 .debug_macro   0x000008fc      0x174 ./system/src/newlib/_sbrk.o
 .debug_macro   0x00000a70       0x10 ./system/src/newlib/_sbrk.o
 .debug_macro   0x00000a80      0x23b ./system/src/newlib/_sbrk.o
 .debug_macro   0x00000cbb      0x173 ./system/src/newlib/_startup.o
 .debug_macro   0x00000e2e      0x217 ./system/src/newlib/_syscalls.o
 .debug_macro   0x00001045       0x1c ./system/src/newlib/_syscalls.o
 .debug_macro   0x00001061       0x10 ./system/src/newlib/_syscalls.o
 .debug_macro   0x00001071       0x10 ./system/src/newlib/_syscalls.o
 .debug_macro   0x00001081       0x10 ./system/src/newlib/_syscalls.o
 .debug_macro   0x00001091       0x35 ./system/src/newlib/_syscalls.o
 .debug_macro   0x000010c6      0x122 ./system/src/newlib/_syscalls.o
 .debug_macro   0x000011e8       0x88 ./system/src/newlib/_syscalls.o
 .debug_macro   0x00001270       0x2b ./system/src/newlib/_syscalls.o
 .debug_macro   0x0000129b      0x118 ./system/src/newlib/_syscalls.o
 .debug_macro   0x000013b3      0x189 ./system/src/newlib/_syscalls.o
 .debug_macro   0x0000153c       0x16 ./system/src/newlib/_syscalls.o
 .debug_macro   0x00001552      0x1fb ./system/src/diag/Trace.o
 .debug_macro   0x0000174d       0x16 ./system/src/diag/Trace.o
 .debug_macro   0x00001763       0x97 ./system/src/diag/Trace.o
 .debug_macro   0x000017fa       0xfd ./system/src/diag/Trace.o
 .debug_macro   0x000018f7       0x10 ./system/src/diag/Trace.o
 .debug_macro   0x00001907       0x16 ./system/src/diag/Trace.o
 .debug_macro   0x0000191d      0x16f ./system/src/diag/Trace.o
 .debug_macro   0x00001a8c       0x4c ./system/src/diag/Trace.o
 .debug_macro   0x00001ad8       0x16 ./system/src/diag/Trace.o
 .debug_macro   0x00001aee      0x2da ./system/src/diag/trace_impl.o
 .debug_macro   0x00001dc8       0x10 ./system/src/diag/trace_impl.o
 .debug_macro   0x00001dd8       0xcf ./system/src/diag/trace_impl.o
 .debug_macro   0x00001ea7       0xbe ./system/src/diag/trace_impl.o
 .debug_macro   0x00001f65       0x22 ./system/src/diag/trace_impl.o
 .debug_macro   0x00001f87      0x16b ./system/src/cortexm/_initialize_hardware.o
 .debug_macro   0x000020f2      0x324 ./system/src/cortexm/exception_handlers.o
 .debug_macro   0x00002416       0x3b ./system/src/cortexm/exception_handlers.o
 .debug_macro   0x00002451       0x10 ./system/src/cortexm/exception_handlers.o
 .debug_macro   0x00002461      0x16e ./system/src/cmsis/system_stm32f10x.o
 .debug_macro   0x000025cf       0x34 ./system/src/cmsis/vectors_stm32f10x.o
 .debug_macro   0x00002603       0x3f ./src/ADC_prog.o
 .debug_macro   0x00002642       0x22 ./src/ADC_prog.o
 .debug_macro   0x00002664       0x46 ./src/ADC_prog.o
 .debug_macro   0x000026aa      0x130 ./src/ADC_prog.o
 .debug_macro   0x000027da       0x76 ./src/ADC_prog.o
 .debug_macro   0x00002850       0x35 ./src/AFIO_program.o
 .debug_macro   0x00002885       0x22 ./src/AFIO_program.o
 .debug_macro   0x000028a7       0x34 ./src/AFIO_program.o
 .debug_macro   0x000028db      0x159 ./src/AFIO_program.o
 .debug_macro   0x00002a34       0xf4 ./src/AFIO_program.o
 .debug_macro   0x00002b28      0x246 ./src/CAN.o
 .debug_macro   0x00002d6e       0x76 ./src/CAN.o
 .debug_macro   0x00002de4       0x52 ./src/CAN.o
 .debug_macro   0x00002e36      0x13c ./src/CAN.o
 .debug_macro   0x00002f72       0xdc ./src/CAN.o
 .debug_macro   0x0000304e       0x8e ./src/CAN.o
 .debug_macro   0x000030dc      0x172 ./src/CAN.o
 .debug_macro   0x0000324e       0xa6 ./src/CAN.o
 .debug_macro   0x000032f4       0x22 ./src/CAN.o
 .debug_macro   0x00003316       0x35 ./src/CANHANDLER_prog.o
 .debug_macro   0x0000334b       0x16 ./src/CANHANDLER_prog.o
 .debug_macro   0x00003361       0x3e ./src/DIO_prog.o
 .debug_macro   0x0000339f       0xb8 ./src/DIO_prog.o
 .debug_macro   0x00003457       0x35 ./src/DMA_program.o
 .debug_macro   0x0000348c       0x46 ./src/DMA_program.o
 .debug_macro   0x000034d2       0x16 ./src/DMA_program.o
 .debug_macro   0x000034e8       0x64 ./src/DMA_program.o
 .debug_macro   0x0000354c       0x3f ./src/FLASH_prog.o
 .debug_macro   0x0000358b      0x14e ./src/FLASH_prog.o
 .debug_macro   0x000036d9       0x16 ./src/FLASH_prog.o
 .debug_macro   0x000036ef       0x3b ./src/NVIC_prog.o
 .debug_macro   0x0000372a       0x2e ./src/NVIC_prog.o
 .debug_macro   0x00003758       0x3e ./src/RCC_prog.o
 .debug_macro   0x00003796      0x4db ./src/RCC_prog.o
 .debug_macro   0x00003c71       0x36 ./src/SCB_prog.o
 .debug_macro   0x00003ca7       0x34 ./src/SCB_prog.o
 .debug_macro   0x00003cdb      0x2ac ./src/main.o
 .debug_macro   0x00003f87       0x46 ./src/main.o
